// Jest Snapshot v1, https://goo.gl/fbAQLP

exports[`<CardWeather /> it should render card component with props 1`] = `
<div>
  <div
    class="card bg-purple-500 text-white w-[600px] h-[90px] flex flex-row justify-start items-center mt-10 rounded"
  >
    <img
      alt=""
      data-nimg="1"
      decoding="async"
      height="50"
      loading="lazy"
      src="/_next/image?url=http%3A%2F%2Fopenweathermap.org%2Fimg%2Fw%2F03d.png&w=128&q=75"
      srcset="/_next/image?url=http%3A%2F%2Fopenweathermap.org%2Fimg%2Fw%2F03d.png&w=64&q=75 1x, /_next/image?url=http%3A%2F%2Fopenweathermap.org%2Fimg%2Fw%2F03d.png&w=128&q=75 2x"
      style="color: transparent;"
      width="50"
    />
    <div
      class="flex flex-col ml-4"
    >
      <h4
        class="text-4xl"
      >
        nuvens dispersas
      </h4>
      <div
        class="mt-2 flex flex-row"
      >
        <h2
          class="text-1xl font-bold mb-2"
        >
          25.23
           ÂºC
        </h2>
        <div
          class="ml-3 border-l-4 flex items-center w-100"
        >
          <svg
            class="ml-1 mr-1"
            fill="currentColor"
            height="1em"
            stroke="currentColor"
            stroke-width="0"
            viewBox="0 0 512 512"
            width="1em"
            xmlns="http://www.w3.org/2000/svg"
          >
            <path
              d="M256 160c-52.9 0-96 43.1-96 96s43.1 96 96 96 96-43.1 96-96-43.1-96-96-96zm246.4 80.5l-94.7-47.3 33.5-100.4c4.5-13.6-8.4-26.5-21.9-21.9l-100.4 33.5-47.4-94.8c-6.4-12.8-24.6-12.8-31 0l-47.3 94.7L92.7 70.8c-13.6-4.5-26.5 8.4-21.9 21.9l33.5 100.4-94.7 47.4c-12.8 6.4-12.8 24.6 0 31l94.7 47.3-33.5 100.5c-4.5 13.6 8.4 26.5 21.9 21.9l100.4-33.5 47.3 94.7c6.4 12.8 24.6 12.8 31 0l47.3-94.7 100.4 33.5c13.6 4.5 26.5-8.4 21.9-21.9l-33.5-100.4 94.7-47.3c13-6.5 13-24.7.2-31.1zm-155.9 106c-49.9 49.9-131.1 49.9-181 0-49.9-49.9-49.9-131.1 0-181 49.9-49.9 131.1-49.9 181 0 49.9 49.9 49.9 131.1 0 181z"
            />
          </svg>
          <h6>
            07:34
          </h6>
           -
          <h6>
            07:34
          </h6>
        </div>
      </div>
    </div>
  </div>
</div>
`;
